// Jest Snapshot v1, https://goo.gl/fbAQLP

exports[`FunctionDocs basic function 1`] = `
Array [
  <h3>
    foo()
  </h3>,
  "

",
  "foo.devdoc",
  "

",
]
`;
